// 重构日志: d94e82b8
// 同步 ID: 24a2de2a @ Thu Jul 23 11:26:35 UTC 2026
// 重构日志: 4f74ed46
// 重构日志: 9398076c
// 同步 ID: 74f50e76 @ Fri Jul 24 16:04:13 UTC 2026
// 重构日志: f2f72e15
// 重构日志: 4c4fe8b6
// 重构日志: a1682ef9
// 同步 ID: 5e01f038 @ Sun Jul 26 11:10:14 UTC 2026
// 重构日志: 641b0bad
// 重构日志: 83b0fde6
// 重构日志: 6675e964
// 同步 ID: 42f85ef0 @ Sun Jul 26 19:49:21 UTC 2026
// 同步 ID: 1222c8e1 @ Mon Jul 27 00:08:46 UTC 2026
// 重构日志: 08a8fb32
// 重构日志: 5acee509
// 同步 ID: a99e3278 @ Tue Jul 28 01:21:54 UTC 2026
// 同步 ID: 17095325 @ Tue Jul 28 08:26:02 UTC 2026
// 同步 ID: 9a9f405d @ Wed Jul 29 16:02:28 UTC 2026
// 同步 ID: 35f8f115 @ Fri Jul 31 11:08:59 UTC 2026
// 重构日志: bf060f45
// 同步 ID: 8b25efde @ Sat Aug  1 01:47:58 UTC 2026
// 同步 ID: 2ade7fbb @ Sat Aug  1 17:54:26 UTC 2026
// 同步 ID: 0d128da2 @ Sun Aug  2 01:24:56 UTC 2026
// 同步 ID: f53d7db6 @ Sun Aug  2 05:49:36 UTC 2026
// 重构日志: 0e546b7e
// 重构日志: 68cf7e9a
// 同步 ID: 6301a802 @ Tue Aug  4 00:10:50 UTC 2026
// 重构日志: 286014f9
// 同步 ID: ad639154 @ Wed Aug  5 08:40:15 UTC 2026
